// Jest Snapshot v1, https://goo.gl/fbAQLP

exports[`Text to match snapshot 1`] = `
<div>
  <p
    class="sc-beySbM lbmdiw"
    font-size="md"
  >
    Text
  </p>
</div>
`;
