// Jest Snapshot v1, https://goo.gl/fbAQLP

exports[`Progress to match snapshot 1`] = `
<div>
  <div
    class="sc-beySbM iilZOj"
  >
    <div
      class="sc-guDLRT jzTdXj"
      value="10"
    />
  </div>
</div>
`;
