// Jest Snapshot v1, https://goo.gl/fbAQLP

exports[`Button to match snapshot 1`] = `
<div>
  <button
    class="sc-bcXHqe ecnFNv"
  >
    Button
  </button>
</div>
`;
