// Jest Snapshot v1, https://goo.gl/fbAQLP

exports[`CircularProgress to match snapshot 1`] = `
<div>
  <svg
    class="sc-bcXHqe bBFQQB"
    height="100"
    viewBox="0 0 100 100"
    width="100"
  >
    <circle
      cx="50"
      cy="50"
      fill="transparent"
      r="45"
      stroke="#d1d5db"
      stroke-width="10"
    />
    <circle
      cx="50"
      cy="50"
      fill="transparent"
      pathLength="100"
      r="45"
      stroke="#ef4444"
      stroke-dasharray="100"
      stroke-dashoffset="50"
      stroke-width="10"
    />
  </svg>
</div>
`;
