// Jest Snapshot v1, https://goo.gl/fbAQLP

exports[`Highlight to match snapshot 1`] = `
<div>
  <p>
    Highlight
  </p>
</div>
`;
