// Jest Snapshot v1, https://goo.gl/fbAQLP

exports[`Input to match snapshot 1`] = `
<div>
  <input
    class="sc-beySbM jJzSnP"
  />
</div>
`;
