// Jest Snapshot v1, https://goo.gl/fbAQLP

exports[`Stat to match snapshot 1`] = `
<div>
  <div
    class="sc-beySbM hcPYSl"
  >
    <div
      class="sc-guDLRT bCVCfQ"
    >
      Collected Fees
    </div>
    <div
      class="sc-dmyDGi jniSYs"
    >
      Â£0.00
    </div>
    <div
      class="sc-hLQRIN hfEdmM"
    >
      Feb 12 - Feb 28
    </div>
  </div>
</div>
`;
