// Jest Snapshot v1, https://goo.gl/fbAQLP

exports[`Card to match snapshot 1`] = `
<div>
  <div
    class="sc-beySbM ezKevC"
  />
</div>
`;
