// Jest Snapshot v1, https://goo.gl/fbAQLP

exports[`Textarea to match snapshot 1`] = `
<div>
  <textarea
    class="sc-bcXHqe ejXjgC"
  />
</div>
`;
